2026-07-18 09:06:03 | INFO | EduTrader AI started.
2026-07-18 09:11:48 | INFO | EduTrader AI started.
2026-07-18 09:17:33 | INFO | EduTrader AI started.
2026-07-18 09:17:33 | INFO | Starting market scan...
2026-07-18 09:17:33 | INFO | Downloading AAPL
2026-07-18 09:17:34 | INFO | Downloading MSFT
2026-07-18 09:17:35 | INFO | Downloading NVDA
2026-07-18 09:17:35 | INFO | Downloading AMZN
2026-07-18 09:17:35 | INFO | Downloading META
2026-07-18 09:17:35 | INFO | Downloading GOOGL
2026-07-18 09:17:36 | INFO | Market scan finished.
2026-07-18 09:17:36 | INFO | Program finished.
2026-07-18 09:46:59 | INFO | EduTrader AI started.
2026-07-18 09:46:59 | INFO | Starting market scan...
2026-07-18 09:46:59 | INFO | Downloading AAPL
2026-07-18 09:47:00 | INFO | Downloading MSFT
2026-07-18 09:47:01 | INFO | Downloading NVDA
2026-07-18 09:47:01 | INFO | Downloading AMZN
2026-07-18 09:47:01 | INFO | Downloading META
2026-07-18 09:47:01 | INFO | Downloading GOOGL
2026-07-18 09:47:02 | INFO | Market scan finished.
2026-07-18 09:47:02 | INFO | Program finished.
2026-07-18 09:58:26 | INFO | Starting market scan...
2026-07-18 09:58:26 | INFO | Downloading AAPL
2026-07-18 09:58:27 | INFO | Downloading MSFT
2026-07-18 09:58:27 | INFO | Downloading NVDA
2026-07-18 09:58:27 | INFO | Downloading AMZN
2026-07-18 09:58:28 | INFO | Downloading META
2026-07-18 09:58:28 | INFO | Downloading GOOGL
2026-07-18 09:58:28 | INFO | Market scan finished.
2026-07-18 10:02:05 | INFO | Starting market scan...
2026-07-18 10:02:05 | INFO | Downloading AAPL
2026-07-18 10:02:06 | INFO | Downloading MSFT
2026-07-18 10:02:06 | INFO | Downloading NVDA
2026-07-18 10:02:06 | INFO | Downloading AMZN
2026-07-18 10:02:07 | INFO | Downloading META
2026-07-18 10:02:07 | INFO | Downloading GOOGL
2026-07-18 10:02:07 | INFO | Market scan finished.
2026-07-18 10:07:03 | INFO | Starting market scan...
2026-07-18 10:07:03 | INFO | Downloading AAPL
2026-07-18 10:07:04 | INFO | Downloading MSFT
2026-07-18 10:07:04 | INFO | Downloading NVDA
2026-07-18 10:07:04 | INFO | Downloading AMZN
2026-07-18 10:07:05 | INFO | Downloading META
2026-07-18 10:07:05 | INFO | Downloading GOOGL
2026-07-18 10:07:05 | INFO | Market scan finished.
2026-07-18 10:16:02 | INFO | Starting market scan...
2026-07-18 10:16:02 | INFO | Downloading AAPL
2026-07-18 10:16:03 | INFO | Downloading MSFT
2026-07-18 10:16:03 | INFO | Downloading NVDA
2026-07-18 10:16:03 | INFO | Downloading AMZN
2026-07-18 10:16:04 | INFO | Downloading META
2026-07-18 10:16:04 | INFO | Downloading GOOGL
2026-07-18 10:16:04 | INFO | Market scan finished.
2026-07-18 10:18:01 | INFO | Starting market scan...
2026-07-18 10:18:01 | INFO | Downloading AAPL
2026-07-18 10:18:02 | INFO | Downloading MSFT
2026-07-18 10:18:02 | INFO | Downloading NVDA
2026-07-18 10:18:02 | INFO | Downloading AMZN
2026-07-18 10:18:03 | INFO | Downloading META
2026-07-18 10:18:03 | INFO | Downloading GOOGL
2026-07-18 10:18:03 | INFO | Market scan finished.
2026-07-18 10:18:39 | INFO | Starting market scan...
2026-07-18 10:18:39 | INFO | Downloading AAPL
2026-07-18 10:18:40 | INFO | Downloading MSFT
2026-07-18 10:18:40 | INFO | Downloading NVDA
2026-07-18 10:18:41 | INFO | Downloading AMZN
2026-07-18 10:18:41 | INFO | Downloading META
2026-07-18 10:18:41 | INFO | Downloading GOOGL
2026-07-18 10:18:42 | INFO | Market scan finished.
2026-07-18 10:20:03 | INFO | Starting market scan...
2026-07-18 10:20:03 | INFO | Downloading AAPL
2026-07-18 10:20:04 | INFO | Downloading MSFT
2026-07-18 10:20:04 | INFO | Downloading NVDA
2026-07-18 10:20:05 | INFO | Downloading AMZN
2026-07-18 10:20:05 | INFO | Downloading META
2026-07-18 10:20:05 | INFO | Downloading GOOGL
2026-07-18 10:20:06 | INFO | Market scan finished.
2026-07-18 10:46:31 | INFO | Starting market scan...
2026-07-18 10:46:31 | INFO | Downloading AAPL
2026-07-18 10:46:33 | INFO | Downloading MSFT
2026-07-18 10:46:33 | INFO | Downloading NVDA
2026-07-18 10:46:33 | INFO | Downloading AMZN
2026-07-18 10:46:33 | INFO | Downloading META
2026-07-18 10:46:34 | INFO | Downloading GOOGL
2026-07-18 10:46:34 | INFO | Market scan finished.
2026-07-18 10:59:35 | INFO | Starting market scan...
2026-07-18 10:59:35 | INFO | Downloading AAPL
2026-07-18 10:59:36 | INFO | Downloading MSFT
2026-07-18 10:59:36 | INFO | Downloading NVDA
2026-07-18 10:59:37 | INFO | Downloading AMZN
2026-07-18 10:59:37 | INFO | Downloading META
2026-07-18 10:59:37 | INFO | Downloading GOOGL
2026-07-18 10:59:37 | INFO | Market scan finished.
2026-07-18 11:27:48 | INFO | Starting market scan...
2026-07-18 11:27:48 | INFO | Scanning AAPL
2026-07-18 11:27:49 | INFO | Scanning MSFT
2026-07-18 11:27:50 | INFO | Scanning NVDA
2026-07-18 11:27:50 | INFO | Scanning META
2026-07-18 11:27:50 | INFO | Scanning AMZN
2026-07-18 11:27:51 | INFO | Scanning GOOGL
2026-07-18 11:27:52 | INFO | Market scan completed. 6 stocks processed.
2026-07-18 11:44:07 | INFO | Starting market scan...
2026-07-18 11:44:07 | INFO | Scanning AAPL
2026-07-18 11:44:08 | INFO | Scanning MSFT
2026-07-18 11:44:09 | INFO | Scanning NVDA
2026-07-18 11:44:09 | INFO | Scanning META
2026-07-18 11:44:09 | INFO | Scanning AMZN
2026-07-18 11:44:10 | INFO | Scanning GOOGL
2026-07-18 11:44:10 | INFO | Market scan completed. 6 stocks processed.
2026-07-18 11:48:26 | INFO | Starting market scan...
2026-07-18 11:48:26 | INFO | Scanning AAPL
2026-07-18 11:48:27 | INFO | Scanning MSFT
2026-07-18 11:48:27 | INFO | Scanning NVDA
2026-07-18 11:48:27 | INFO | Scanning META
2026-07-18 11:48:28 | INFO | Scanning AMZN
2026-07-18 11:48:28 | INFO | Scanning GOOGL
2026-07-18 11:48:28 | INFO | Market scan completed. 6 stocks processed.
2026-07-18 12:14:07 | INFO | EduTrader AI 2.0 starting.
2026-07-18 12:14:07 | INFO | Starting market scan...
2026-07-18 12:14:07 | INFO | Scanning AAPL
2026-07-18 12:14:08 | INFO | Scanning MSFT
2026-07-18 12:14:08 | INFO | Scanning NVDA
2026-07-18 12:14:08 | INFO | Scanning META
2026-07-18 12:14:09 | INFO | Scanning AMZN
2026-07-18 12:14:09 | INFO | Scanning GOOGL
2026-07-18 12:14:09 | INFO | Market scan completed. 6 stocks processed.
2026-07-18 12:14:09 | INFO | AAPL processed successfully with score 85.
2026-07-18 12:14:09 | INFO | MSFT processed successfully with score 40.
2026-07-18 12:14:09 | INFO | NVDA processed successfully with score 95.
2026-07-18 12:14:09 | INFO | META processed successfully with score 95.
2026-07-18 12:14:09 | INFO | AMZN processed successfully with score 70.
2026-07-18 12:14:09 | INFO | GOOGL processed successfully with score 50.
2026-07-18 12:14:09 | INFO | EduTrader AI completed with 6 analyzed stocks.
2026-07-18 12:16:57 | INFO | EduTrader AI 2.0 starting.
2026-07-18 12:16:57 | INFO | Starting market scan...
2026-07-18 12:16:57 | INFO | Scanning AAPL
2026-07-18 12:16:58 | INFO | Scanning MSFT
2026-07-18 12:16:58 | INFO | Scanning NVDA
2026-07-18 12:16:59 | INFO | Scanning META
2026-07-18 12:16:59 | INFO | Scanning AMZN
2026-07-18 12:16:59 | INFO | Scanning GOOGL
2026-07-18 12:17:00 | INFO | Market scan completed. 6 stocks processed.
2026-07-18 12:17:00 | INFO | AAPL processed successfully with score 85.
2026-07-18 12:17:00 | INFO | MSFT processed successfully with score 40.
2026-07-18 12:17:00 | INFO | NVDA processed successfully with score 95.
2026-07-18 12:17:00 | INFO | META processed successfully with score 95.
2026-07-18 12:17:00 | INFO | AMZN processed successfully with score 70.
2026-07-18 12:17:00 | INFO | GOOGL processed successfully with score 50.
2026-07-18 12:17:00 | INFO | EduTrader AI completed with 6 analyzed stocks.
2026-07-18 12:21:50 | INFO | EduTrader AI 2.0 starting.
2026-07-18 12:21:50 | INFO | Starting market scan...
2026-07-18 12:21:50 | INFO | Scanning AAPL
2026-07-18 12:21:52 | INFO | Scanning MSFT
2026-07-18 12:21:52 | INFO | Scanning NVDA
2026-07-18 12:21:52 | INFO | Scanning META
2026-07-18 12:21:53 | INFO | Scanning AMZN
2026-07-18 12:21:53 | INFO | Scanning GOOGL
2026-07-18 12:21:53 | INFO | Market scan completed. 6 stocks processed.
2026-07-18 12:21:53 | INFO | AAPL processed successfully with score 85.
2026-07-18 12:21:53 | INFO | MSFT processed successfully with score 40.
2026-07-18 12:21:53 | INFO | NVDA processed successfully with score 95.
2026-07-18 12:21:53 | INFO | META processed successfully with score 95.
2026-07-18 12:21:53 | INFO | AMZN processed successfully with score 70.
2026-07-18 12:21:53 | INFO | GOOGL processed successfully with score 50.
2026-07-18 12:21:53 | ERROR | EduTrader AI terminated unexpectedly.
Traceback (most recent call last):
  File "/Users/EYUSEFF/Documents/GitHub/GitHub: ├── EduTraderAI └── EduTraderAI_v1/main.py", line 108, in main
    report.print_full_report(ranked_market)
    ~~~~~~~~~~~~~~~~~~~~~~~~^^^^^^^^^^^^^^^
  File "/Users/EYUSEFF/Documents/GitHub/GitHub: ├── EduTraderAI └── EduTraderAI_v1/report.py", line 238, in print_full_report
    self.print_portfolio_settings(market)
    ~~~~~~~~~~~~~~~~~~~~~~~~~~~~~^^^^^^^^
  File "/Users/EYUSEFF/Documents/GitHub/GitHub: ├── EduTraderAI └── EduTraderAI_v1/report.py", line 43, in print_portfolio_settings
    f"${first_stock['AccountBalance']:,.2f}"
        ~~~~~~~~~~~^^^^^^^^^^^^^^^^^^
KeyError: 'AccountBalance'
2026-07-18 12:24:54 | INFO | EduTrader AI 2.1 starting.
2026-07-18 12:24:54 | INFO | Starting market scan...
2026-07-18 12:24:54 | INFO | Scanning AAPL
2026-07-18 12:24:55 | INFO | Scanning MSFT
2026-07-18 12:24:55 | INFO | Scanning NVDA
2026-07-18 12:24:55 | INFO | Scanning META
2026-07-18 12:24:56 | INFO | Scanning AMZN
2026-07-18 12:24:56 | INFO | Scanning GOOGL
2026-07-18 12:24:56 | INFO | Market scan completed. 6 stocks processed.
2026-07-18 12:24:56 | INFO | AAPL processed with score 85 and 8 shares.
2026-07-18 12:24:56 | INFO | MSFT processed with score 40 and 5 shares.
2026-07-18 12:24:56 | INFO | NVDA processed with score 95 and 8 shares.
2026-07-18 12:24:56 | INFO | META processed with score 95 and 2 shares.
2026-07-18 12:24:56 | INFO | AMZN processed with score 70 and 8 shares.
2026-07-18 12:24:56 | INFO | GOOGL processed with score 50 and 5 shares.
2026-07-18 12:24:56 | INFO | EduTrader AI completed with 6 analyzed stocks.
2026-07-18 12:28:09 | INFO | EduTrader AI 2.1 starting.
2026-07-18 12:28:09 | INFO | Starting market scan...
2026-07-18 12:28:09 | INFO | Scanning AAPL
2026-07-18 12:28:10 | INFO | Scanning MSFT
2026-07-18 12:28:11 | INFO | Scanning NVDA
2026-07-18 12:28:11 | INFO | Scanning META
2026-07-18 12:28:11 | INFO | Scanning AMZN
2026-07-18 12:28:12 | INFO | Scanning GOOGL
2026-07-18 12:28:12 | INFO | Market scan completed. 6 stocks processed.
2026-07-18 12:28:12 | INFO | AAPL processed with score 85 and 8 shares.
2026-07-18 12:28:12 | INFO | MSFT processed with score 40 and 5 shares.
2026-07-18 12:28:12 | INFO | NVDA processed with score 95 and 8 shares.
2026-07-18 12:28:12 | INFO | META processed with score 95 and 2 shares.
2026-07-18 12:28:12 | INFO | AMZN processed with score 70 and 8 shares.
2026-07-18 12:28:12 | INFO | GOOGL processed with score 50 and 5 shares.
2026-07-18 12:28:12 | ERROR | EduTrader AI terminated unexpectedly.
Traceback (most recent call last):
  File "/Users/EYUSEFF/Documents/GitHub/GitHub: ├── EduTraderAI └── EduTraderAI_v1/main.py", line 142, in main
    report.print_full_report(ranked_market)
    ~~~~~~~~~~~~~~~~~~~~~~~~^^^^^^^^^^^^^^^
  File "/Users/EYUSEFF/Documents/GitHub/GitHub: ├── EduTraderAI └── EduTraderAI_v1/report.py", line 264, in print_full_report
    self.print_ranking(market)
    ~~~~~~~~~~~~~~~~~~^^^^^^^^
  File "/Users/EYUSEFF/Documents/GitHub/GitHub: ├── EduTraderAI └── EduTraderAI_v1/report.py", line 88, in print_ranking
    f"{stock['TradeStatus']:<12}"
       ~~~~~^^^^^^^^^^^^^^^
KeyError: 'TradeStatus'
2026-07-18 12:32:18 | INFO | EduTrader AI 2.2 starting.
2026-07-18 12:32:18 | INFO | Starting market scan...
2026-07-18 12:32:18 | INFO | Scanning AAPL
2026-07-18 12:32:19 | INFO | Scanning MSFT
2026-07-18 12:32:19 | INFO | Scanning NVDA
2026-07-18 12:32:20 | INFO | Scanning META
2026-07-18 12:32:20 | INFO | Scanning AMZN
2026-07-18 12:32:20 | INFO | Scanning GOOGL
2026-07-18 12:32:21 | INFO | Market scan completed. 6 stocks processed.
2026-07-18 12:32:21 | INFO | AAPL processed: score=85, recommendation=STRONG BUY, eligible=True, shares=8.
2026-07-18 12:32:21 | INFO | MSFT processed: score=40, recommendation=SELL, eligible=False, shares=0.
2026-07-18 12:32:21 | INFO | NVDA processed: score=95, recommendation=STRONG BUY, eligible=True, shares=8.
2026-07-18 12:32:21 | INFO | META processed: score=95, recommendation=STRONG BUY, eligible=True, shares=2.
2026-07-18 12:32:21 | INFO | AMZN processed: score=70, recommendation=BUY, eligible=True, shares=8.
2026-07-18 12:32:21 | INFO | GOOGL processed: score=50, recommendation=HOLD, eligible=False, shares=0.
2026-07-18 12:32:21 | INFO | EduTrader AI completed with 6 analyzed stocks.
2026-07-18 12:43:22 | INFO | EduTrader AI 2.3 starting.
2026-07-18 12:43:22 | INFO | Starting market scan...
2026-07-18 12:43:22 | INFO | Scanning AAPL
2026-07-18 12:43:23 | INFO | Scanning MSFT
2026-07-18 12:43:24 | INFO | Scanning NVDA
2026-07-18 12:43:24 | INFO | Scanning META
2026-07-18 12:43:24 | INFO | Scanning AMZN
2026-07-18 12:43:25 | INFO | Scanning GOOGL
2026-07-18 12:43:25 | INFO | Market scan completed. 6 stocks processed.
2026-07-18 12:43:25 | INFO | AAPL processed: score=85, recommendation=STRONG BUY, status=TRADE, shares=8.
2026-07-18 12:43:25 | INFO | MSFT processed: score=40, recommendation=SELL, status=NO TRADE, shares=0.
2026-07-18 12:43:25 | INFO | NVDA processed: score=95, recommendation=STRONG BUY, status=TRADE, shares=8.
2026-07-18 12:43:25 | INFO | META processed: score=95, recommendation=STRONG BUY, status=TRADE, shares=2.
2026-07-18 12:43:25 | INFO | AMZN processed: score=70, recommendation=BUY, status=TRADE, shares=8.
2026-07-18 12:43:25 | INFO | GOOGL processed: score=50, recommendation=HOLD, status=NO TRADE, shares=0.
2026-07-18 12:43:25 | INFO | EduTrader AI completed with 6 analyzed stocks.
